python.exe : Error executing job with overrides: []
所在位置 行:1 字符: 1
+ & "E:/lib/conda-env/torch_gpu/python.exe" runs.py > test_output.txt 2 ...
+ ~~~~~~~~~~~~~~~~~~~~~~~~~~~~~~~~~~~~~~~~~~~~~~~~~~~~~~~~~~~~~~~~~~~~~
    + CategoryInfo          : NotSpecified: (Error executing job with overrides: []:String) [], RemoteException
    + FullyQualifiedErrorId : NativeCommandError
 

Traceback (most recent call last):
  File "E:\program\GD-UUV-self\runs.py", line 692, in main
    print_info(f"ʹ���豸: {device}")
  File "E:\program\GD-UUV-self\utils\rich_print.py", line 65, in print_info
    _console.print(text, end=end)
  File "E:\lib\conda-env\torch_gpu\Lib\site-packages\rich\console.py", line 1697, in print
    with self:
  File "E:\lib\conda-env\torch_gpu\Lib\site-packages\rich\console.py", line 870, in __exit__
    self._exit_buffer()
  File "E:\lib\conda-env\torch_gpu\Lib\site-packages\rich\console.py", line 826, in _exit_buffer
    self._check_buffer()
  File "E:\lib\conda-env\torch_gpu\Lib\site-packages\rich\console.py", line 2038, in _check_buffer
    self._write_buffer()
  File "E:\lib\conda-env\torch_gpu\Lib\site-packages\rich\console.py", line 2074, in _write_buffer
    legacy_windows_render(buffer, LegacyWindowsTerm(self.file))
  File "E:\lib\conda-env\torch_gpu\Lib\site-packages\rich\_windows_renderer.py", line 17, in legacy_windows_render
    term.write_styled(text, style)
  File "E:\lib\conda-env\torch_gpu\Lib\site-packages\rich\_win32_console.py", line 441, in write_styled
    self.write_text(text)
  File "E:\lib\conda-env\torch_gpu\Lib\site-packages\rich\_win32_console.py", line 402, in write_text
    self.write(text)
UnicodeEncodeError: 'gbk' codec can't encode character '\u2139' in position 0: illegal multibyte sequence

Set the environment variable HYDRA_FULL_ERROR=1 for a complete stack trace.
